RAM Allocation [bytes]
Variable                                                                          Address   Size
------------------------------------------------------------------------------------------------
twi_tx_index                                                                      0x01FF       1
twi_rx_index                                                                      0x0200       1
twi_result                                                                        0x0201       1
__ds18b20_scratch_pad                                                             0x0202       9
rx_buffer                                                                         0x020B     256
slave_address                                                                     0x030B       1
twi_tx_buffer                                                                     0x030C       2
bytes_to_tx                                                                       0x030E       1
twi_rx_buffer                                                                     0x030F       2
bytes_to_rx                                                                       0x0311       1
twi_rx_buffer_size                                                                0x0312       1
twi_slave_rx_handler                                                              0x0313       2
twi_slave_tx_handler                                                              0x0315       2
_seed                                                                             0x0317       4

EEPROM Allocation [bytes]
Variable                                                                          Address   Size
------------------------------------------------------------------------------------------------

Register Allocation
Variable                                                                          Register  Size
------------------------------------------------------------------------------------------------
lcd                                                                               R5           1
rx_wr_index                                                                       R4           1
rx_rd_index                                                                       R7           1
rx_counter                                                                        R8,R9        2
rx_buffer_overflow                                                                R2.0      1bit
twi_flag                                                                          R2.1      1bit
twi_ready                                                                         R2.2      1bit

FLASH Allocation [words]
Function                                                                          Address   Size
------------------------------------------------------------------------------------------------
PCF8574_write                                                                     0x000F0      8
twi_lcd_4bit_send                                                                 0x000F8     19
twi_lcd_cmd                                                                       0x0010B      7
twi_lcd_dwr                                                                       0x00112      5
twi_lcd_msg                                                                       0x00117      9
twi_lcd_clear                                                                     0x00120      2
twi_lcd_init                                                                      0x00122     35
usart_rx_isr                                                                      0x00145     72
main                                                                              0x0018D     79
twi_init                                                                          0x001DC     42
twi_start                                                                         0x00206     10
twi_write_cmd                                                                     0x00210     10
twi_write_dwr                                                                     0x0021A     10
twi_stop                                                                          0x00224      3
usart_init                                                                        0x00227     10
usart_tx                                                                          0x00231      6
usart_msg                                                                         0x00237     10
twi_int_handler                                                                   0x00241    355
ftrunc                                                                            0x003A4     48
floor                                                                             0x003D4     12
log                                                                               0x003E0    102
exp                                                                               0x00446    113
pow                                                                               0x004B7     48
putchar                                                                           0x004E7      7
put_usart_G102                                                                    0x004EE     11
_print_G102                                                                       0x004F9    279
printf                                                                            0x00610     32
strlen                                                                            0x00630     11
strlenf                                                                           0x0063B     12
