RAM Allocation [bytes]
Variable                                                                          Address   Size
------------------------------------------------------------------------------------------------
twi_tx_index                                                                      0x01A8       1
twi_rx_index                                                                      0x01A9       1
twi_result                                                                        0x01AA       1
__ds18b20_scratch_pad                                                             0x01AB       9
rx_buffer                                                                         0x01B4       5
slave_address                                                                     0x01B9       1
twi_tx_buffer                                                                     0x01BA       2
bytes_to_tx                                                                       0x01BC       1
twi_rx_buffer                                                                     0x01BD       2
bytes_to_rx                                                                       0x01BF       1
twi_rx_buffer_size                                                                0x01C0       1
twi_slave_rx_handler                                                              0x01C1       2
twi_slave_tx_handler                                                              0x01C3       2
_seed                                                                             0x01C5       4

EEPROM Allocation [bytes]
Variable                                                                          Address   Size
------------------------------------------------------------------------------------------------

Register Allocation
Variable                                                                          Register  Size
------------------------------------------------------------------------------------------------
lcd                                                                               R5           1
rx_wr_index                                                                       R4           1
rx_rd_index                                                                       R7           1
rx_counter                                                                        R6           1
rx_buffer_overflow                                                                R2.0      1bit
twi_flag                                                                          R2.1      1bit
twi_ready                                                                         R2.2      1bit

FLASH Allocation [words]
Function                                                                          Address   Size
------------------------------------------------------------------------------------------------
PCF8574_write                                                                     0x000C4      8
twi_lcd_4bit_send                                                                 0x000CC     19
twi_lcd_cmd                                                                       0x000DF      7
twi_lcd_dwr                                                                       0x000E6      5
twi_lcd_msg                                                                       0x000EB      9
twi_lcd_clear                                                                     0x000F4      2
twi_lcd_init                                                                      0x000F6     35
usart_rx_isr                                                                      0x00119     90
main                                                                              0x00173     57
twi_init                                                                          0x001AC     39
twi_start                                                                         0x001D3     10
twi_write_cmd                                                                     0x001DD     10
twi_write_dwr                                                                     0x001E7     10
twi_stop                                                                          0x001F1      3
usart_init                                                                        0x001F4     10
usart_tx                                                                          0x001FE      6
usart_msg                                                                         0x00204     10
twi_int_handler                                                                   0x0020E    355
ftrunc                                                                            0x00371     48
floor                                                                             0x003A1     12
log                                                                               0x003AD    100
exp                                                                               0x00411     98
pow                                                                               0x00473     48
putchar                                                                           0x004A3      7
put_usart_G102                                                                    0x004AA      6
_ftoe_G102                                                                        0x004B0    142
_print_G102                                                                       0x0053E    464
printf                                                                            0x0070E     30
ds18b20_select                                                                    0x0072C     31
ds18b20_read_spd                                                                  0x0074B     34
ds18b20_init                                                                      0x0076D     61
strcpyf                                                                           0x007AA     12
strlen                                                                            0x007B6     11
strlenf                                                                           0x007C1     12
ftoa                                                                              0x007CD    129
