RAM Allocation [bytes]
Variable                                                                          Address   Size
------------------------------------------------------------------------------------------------
twi_tx_index                                                                      0x01F9       1
twi_rx_index                                                                      0x01FA       1
twi_result                                                                        0x01FB       1
__ds18b20_scratch_pad                                                             0x01FC       9
temp                                                                              0x0205       4
slave_address                                                                     0x0209       1
twi_tx_buffer                                                                     0x020A       2
bytes_to_tx                                                                       0x020C       1
twi_rx_buffer                                                                     0x020D       2
bytes_to_rx                                                                       0x020F       1
twi_rx_buffer_size                                                                0x0210       1
twi_slave_rx_handler                                                              0x0211       2
twi_slave_tx_handler                                                              0x0213       2
_seed                                                                             0x0215       4

EEPROM Allocation [bytes]
Variable                                                                          Address   Size
------------------------------------------------------------------------------------------------

Register Allocation
Variable                                                                          Register  Size
------------------------------------------------------------------------------------------------
lcd                                                                               R5           1
twi_flag                                                                          R2.0      1bit
twi_ready                                                                         R2.1      1bit

FLASH Allocation [words]
Function                                                                          Address   Size
------------------------------------------------------------------------------------------------
PCF8574_write                                                                     0x000C5      8
twi_lcd_4bit_send                                                                 0x000CD     19
twi_lcd_cmd                                                                       0x000E0      7
twi_lcd_dwr                                                                       0x000E7      5
twi_lcd_msg                                                                       0x000EC      9
twi_lcd_num                                                                       0x000F5     47
twi_lcd_clear                                                                     0x00124      2
twi_lcd_init                                                                      0x00126     35
main                                                                              0x00149     38
twi_init                                                                          0x0016F     40
twi_start                                                                         0x00197     15
twi_write_cmd                                                                     0x001A6     13
twi_write_dwr                                                                     0x001B3     13
twi_stop                                                                          0x001C0      3
usart_init                                                                        0x001C3     10
usart_tx                                                                          0x001CD      7
usart_msg                                                                         0x001D4     10
twi_int_handler                                                                   0x001DE    355
ftrunc                                                                            0x00341     48
floor                                                                             0x00371     12
log                                                                               0x0037D    101
exp                                                                               0x003E2    112
pow                                                                               0x00452     48
ds18b20_select                                                                    0x00482     28
ds18b20_read_spd                                                                  0x0049E     34
ds18b20_temperature                                                               0x004C0     55
ds18b20_init                                                                      0x004F7     59
