RAM Allocation [bytes]
Variable                                                                          Address   Size
------------------------------------------------------------------------------------------------
twi_tx_index                                                                      0x01F3       1
twi_rx_index                                                                      0x01F4       1
twi_result                                                                        0x01F5       1
__ds18b20_scratch_pad                                                             0x01F6       9
temp                                                                              0x01FF       4
slave_address                                                                     0x0203       1
twi_tx_buffer                                                                     0x0204       2
bytes_to_tx                                                                       0x0206       1
twi_rx_buffer                                                                     0x0207       2
bytes_to_rx                                                                       0x0209       1
twi_rx_buffer_size                                                                0x020A       1
twi_slave_rx_handler                                                              0x020B       2
twi_slave_tx_handler                                                              0x020D       2
_seed                                                                             0x020F       4

EEPROM Allocation [bytes]
Variable                                                                          Address   Size
------------------------------------------------------------------------------------------------

Register Allocation
Variable                                                                          Register  Size
------------------------------------------------------------------------------------------------
lcd                                                                               R5           1
twi_flag                                                                          R2.0      1bit
twi_ready                                                                         R2.1      1bit

FLASH Allocation [words]
Function                                                                          Address   Size
------------------------------------------------------------------------------------------------
twi_lcd_num                                                                       0x000BF     44
main                                                                              0x000EB     34
twi_init                                                                          0x0010D     42
usart_init                                                                        0x00137     10
usart_tx                                                                          0x00141      7
usart_msg                                                                         0x00148     14
twi_int_handler                                                                   0x00156    355
ftrunc                                                                            0x002B9     48
floor                                                                             0x002E9     12
log                                                                               0x002F5    101
exp                                                                               0x0035A    112
pow                                                                               0x003CA     48
ds18b20_select                                                                    0x003FA     28
ds18b20_read_spd                                                                  0x00416     34
ds18b20_temperature                                                               0x00438     55
ds18b20_init                                                                      0x0046F     59
